---
source: syncdoc/tests/roundtrip/issues.rs
expression: result.restore_stderr
---
[SYNCDOC DEBUG] get_docs_path called:
[SYNCDOC DEBUG]   source_file: src
[SYNCDOC DEBUG]   manifest_dir: /tmp/.tmpXXXXXX
[SYNCDOC DEBUG]   docs_path from toml: docs
[SYNCDOC DEBUG]   manifest_path (canonical): /tmp/.tmpXXXXXX
[SYNCDOC DEBUG]   source_dir (canonical): /tmp/.tmpXXXXXX
[SYNCDOC DEBUG]   relative_path (stripped): 
[SYNCDOC DEBUG]   depth: 0
[SYNCDOC DEBUG]   final result: docs
[SYNCDOC DEBUG] 
=== RESTORE REFORMAT START ===
[SYNCDOC DEBUG] Original length: 2931
[SYNCDOC DEBUG] Transformed length: 2864
[SYNCDOC DEBUG] Formatted original length: 2931
[SYNCDOC DEBUG] Formatted transformed length: 3194
[SYNCDOC DEBUG] === HUNK DEBUG ===
[SYNCDOC DEBUG] Before lines: 92
[SYNCDOC DEBUG] After lines: 83
[SYNCDOC DEBUG] Hunks: 13
[SYNCDOC DEBUG] Hunk 0: before[0..1] -> after[0..1]
[SYNCDOC DEBUG]   Before snippet:
[SYNCDOC DEBUG]     [0]: "#![doc = syncdoc::module_doc!()]"
[SYNCDOC DEBUG]   After snippet:
[SYNCDOC DEBUG]     [0]: "#![doc = \"//! Syntax highlighting for displaying source code with visual distinction between language elements.\"]"
[SYNCDOC DEBUG] Hunk 1: before[8..9] -> after[8..8]
[SYNCDOC DEBUG]   Before snippet:
[SYNCDOC DEBUG]     [8]: ""
[SYNCDOC DEBUG]   After snippet:
[SYNCDOC DEBUG] Hunk 2: before[14..16] -> after[13..18]
[SYNCDOC DEBUG]   Before snippet:
[SYNCDOC DEBUG]     [14]: ""
[SYNCDOC DEBUG]     [15]: "#[syncdoc::omnidoc]"
[SYNCDOC DEBUG]   After snippet:
[SYNCDOC DEBUG]     [13]: "#[doc = \"/// Highlight source lines with syntax coloring.\"]"
[SYNCDOC DEBUG]     [14]: "#[doc = \"/// \"]"
[SYNCDOC DEBUG]     [15]: "#[doc = \"/// # Panics\"]"
[SYNCDOC DEBUG]     [16]: "#[doc = \"/// \"]"
[SYNCDOC DEBUG]     [17]: "#[doc = \"/// Panics if syntax highlighting fails for any line in the input.\"]"
[SYNCDOC DEBUG] Hunk 3: before[26..27] -> after[28..28]
[SYNCDOC DEBUG]   Before snippet:
[SYNCDOC DEBUG]     [26]: ""
[SYNCDOC DEBUG]   After snippet:
[SYNCDOC DEBUG] Hunk 4: before[29..30] -> after[30..30]
[SYNCDOC DEBUG]   Before snippet:
[SYNCDOC DEBUG]     [29]: ""
[SYNCDOC DEBUG]   After snippet:
[SYNCDOC DEBUG] Hunk 5: before[38..39] -> after[38..38]
[SYNCDOC DEBUG]   Before snippet:
[SYNCDOC DEBUG]     [38]: ""
[SYNCDOC DEBUG]   After snippet:
[SYNCDOC DEBUG] Hunk 6: before[42..43] -> after[41..41]
[SYNCDOC DEBUG]   Before snippet:
[SYNCDOC DEBUG]     [42]: ""
[SYNCDOC DEBUG]   After snippet:
[SYNCDOC DEBUG] Hunk 7: before[54..55] -> after[52..52]
[SYNCDOC DEBUG]   Before snippet:
[SYNCDOC DEBUG]     [54]: ""
[SYNCDOC DEBUG]   After snippet:
[SYNCDOC DEBUG] Hunk 8: before[57..58] -> after[54..54]
[SYNCDOC DEBUG]   Before snippet:
[SYNCDOC DEBUG]     [57]: ""
[SYNCDOC DEBUG]   After snippet:
[SYNCDOC DEBUG] Hunk 9: before[60..62] -> after[56..59]
[SYNCDOC DEBUG]   Before snippet:
[SYNCDOC DEBUG]     [60]: ""
[SYNCDOC DEBUG]     [61]: "#[syncdoc::omnidoc]"
[SYNCDOC DEBUG]   After snippet:
[SYNCDOC DEBUG]     [56]: "#[doc = \"/// Highlight a single line with syntax coloring for a given file extension.\"]"
[SYNCDOC DEBUG]     [57]: "#[doc = \"/// \"]"
[SYNCDOC DEBUG]     [58]: "#[doc = \"/// Falls back to plain text rendering if syntax highlighting fails.\"]"
[SYNCDOC DEBUG] Hunk 10: before[67..68] -> after[64..64]
[SYNCDOC DEBUG]   Before snippet:
[SYNCDOC DEBUG]     [67]: ""
[SYNCDOC DEBUG]   After snippet:
[SYNCDOC DEBUG] Hunk 11: before[69..71] -> after[65..65]
[SYNCDOC DEBUG]   Before snippet:
[SYNCDOC DEBUG]     [69]: ""
[SYNCDOC DEBUG]     [70]: "    // Try to highlight, fall back to plain text if it fails"
[SYNCDOC DEBUG]   After snippet:
[SYNCDOC DEBUG] Hunk 12: before[86..90] -> after[80..81]
[SYNCDOC DEBUG]   Before snippet:
[SYNCDOC DEBUG]     [86]: "        Err(_) => {"
[SYNCDOC DEBUG]     [87]: "            // Fall back to plain text if highlighting fails"
[SYNCDOC DEBUG]     [88]: "            Line::from(line.to_string())"
[SYNCDOC DEBUG]     [89]: "        }"
[SYNCDOC DEBUG]   After snippet:
[SYNCDOC DEBUG]     [80]: "        Err(_) => Line::from(line.to_string()),"
[SYNCDOC DEBUG] ==================
[SYNCDOC DEBUG] DEBUG restore: Found 13 hunks
[SYNCDOC DEBUG]   Hunk 0: before[0..1] after[0..1]
[SYNCDOC DEBUG]   Hunk 1: before[8..9] after[8..8]
[SYNCDOC DEBUG]   Hunk 2: before[14..16] after[13..18]
[SYNCDOC DEBUG]   Hunk 3: before[26..27] after[28..28]
[SYNCDOC DEBUG]   Hunk 4: before[29..30] after[30..30]
[SYNCDOC DEBUG]   Hunk 5: before[38..39] after[38..38]
[SYNCDOC DEBUG]   Hunk 6: before[42..43] after[41..41]
[SYNCDOC DEBUG]   Hunk 7: before[54..55] after[52..52]
[SYNCDOC DEBUG]   Hunk 8: before[57..58] after[54..54]
[SYNCDOC DEBUG]   Hunk 9: before[60..62] after[56..59]
[SYNCDOC DEBUG]   Hunk 10: before[67..68] after[64..64]
[SYNCDOC DEBUG]   Hunk 11: before[69..71] after[65..65]
[SYNCDOC DEBUG]   Hunk 12: before[86..90] after[80..81]
[SYNCDOC DEBUG] === HUNK DEBUG ===
[SYNCDOC DEBUG] Before lines: 92
[SYNCDOC DEBUG] After lines: 83
[SYNCDOC DEBUG] Hunks: 13
[SYNCDOC DEBUG] Hunk 0: before[0..1] -> after[0..1]
[SYNCDOC DEBUG]   Before snippet:
[SYNCDOC DEBUG]     [0]: "#![doc = syncdoc::module_doc!()]"
[SYNCDOC DEBUG]   After snippet:
[SYNCDOC DEBUG]     [0]: "#![doc = \"//! Syntax highlighting for displaying source code with visual distinction between language elements.\"]"
[SYNCDOC DEBUG] Hunk 1: before[8..9] -> after[8..8]
[SYNCDOC DEBUG]   Before snippet:
[SYNCDOC DEBUG]     [8]: ""
[SYNCDOC DEBUG]   After snippet:
[SYNCDOC DEBUG] Hunk 2: before[14..16] -> after[13..18]
[SYNCDOC DEBUG]   Before snippet:
[SYNCDOC DEBUG]     [14]: ""
[SYNCDOC DEBUG]     [15]: "#[syncdoc::omnidoc]"
[SYNCDOC DEBUG]   After snippet:
[SYNCDOC DEBUG]     [13]: "#[doc = \"/// Highlight source lines with syntax coloring.\"]"
[SYNCDOC DEBUG]     [14]: "#[doc = \"/// \"]"
[SYNCDOC DEBUG]     [15]: "#[doc = \"/// # Panics\"]"
[SYNCDOC DEBUG]     [16]: "#[doc = \"/// \"]"
[SYNCDOC DEBUG]     [17]: "#[doc = \"/// Panics if syntax highlighting fails for any line in the input.\"]"
[SYNCDOC DEBUG] Hunk 3: before[26..27] -> after[28..28]
[SYNCDOC DEBUG]   Before snippet:
[SYNCDOC DEBUG]     [26]: ""
[SYNCDOC DEBUG]   After snippet:
[SYNCDOC DEBUG] Hunk 4: before[29..30] -> after[30..30]
[SYNCDOC DEBUG]   Before snippet:
[SYNCDOC DEBUG]     [29]: ""
[SYNCDOC DEBUG]   After snippet:
[SYNCDOC DEBUG] Hunk 5: before[38..39] -> after[38..38]
[SYNCDOC DEBUG]   Before snippet:
[SYNCDOC DEBUG]     [38]: ""
[SYNCDOC DEBUG]   After snippet:
[SYNCDOC DEBUG] Hunk 6: before[42..43] -> after[41..41]
[SYNCDOC DEBUG]   Before snippet:
[SYNCDOC DEBUG]     [42]: ""
[SYNCDOC DEBUG]   After snippet:
[SYNCDOC DEBUG] Hunk 7: before[54..55] -> after[52..52]
[SYNCDOC DEBUG]   Before snippet:
[SYNCDOC DEBUG]     [54]: ""
[SYNCDOC DEBUG]   After snippet:
[SYNCDOC DEBUG] Hunk 8: before[57..58] -> after[54..54]
[SYNCDOC DEBUG]   Before snippet:
[SYNCDOC DEBUG]     [57]: ""
[SYNCDOC DEBUG]   After snippet:
[SYNCDOC DEBUG] Hunk 9: before[60..62] -> after[56..59]
[SYNCDOC DEBUG]   Before snippet:
[SYNCDOC DEBUG]     [60]: ""
[SYNCDOC DEBUG]     [61]: "#[syncdoc::omnidoc]"
[SYNCDOC DEBUG]   After snippet:
[SYNCDOC DEBUG]     [56]: "#[doc = \"/// Highlight a single line with syntax coloring for a given file extension.\"]"
[SYNCDOC DEBUG]     [57]: "#[doc = \"/// \"]"
[SYNCDOC DEBUG]     [58]: "#[doc = \"/// Falls back to plain text rendering if syntax highlighting fails.\"]"
[SYNCDOC DEBUG] Hunk 10: before[67..68] -> after[64..64]
[SYNCDOC DEBUG]   Before snippet:
[SYNCDOC DEBUG]     [67]: ""
[SYNCDOC DEBUG]   After snippet:
[SYNCDOC DEBUG] Hunk 11: before[69..71] -> after[65..65]
[SYNCDOC DEBUG]   Before snippet:
[SYNCDOC DEBUG]     [69]: ""
[SYNCDOC DEBUG]     [70]: "    // Try to highlight, fall back to plain text if it fails"
[SYNCDOC DEBUG]   After snippet:
[SYNCDOC DEBUG] Hunk 12: before[86..90] -> after[80..81]
[SYNCDOC DEBUG]   Before snippet:
[SYNCDOC DEBUG]     [86]: "        Err(_) => {"
[SYNCDOC DEBUG]     [87]: "            // Fall back to plain text if highlighting fails"
[SYNCDOC DEBUG]     [88]: "            Line::from(line.to_string())"
[SYNCDOC DEBUG]     [89]: "        }"
[SYNCDOC DEBUG]   After snippet:
[SYNCDOC DEBUG]     [80]: "        Err(_) => Line::from(line.to_string()),"
[SYNCDOC DEBUG] ==================
[SYNCDOC DEBUG] APPLYING relevant hunk at lines 0..1 (adds 1 lines, removes 1 lines)
[SYNCDOC DEBUG] Skipping irrelevant hunk at lines 8..9
[SYNCDOC DEBUG] APPLYING relevant hunk at lines 14..16 (adds 5 lines, removes 2 lines)
[SYNCDOC DEBUG] Skipping irrelevant hunk at lines 26..27
[SYNCDOC DEBUG] Skipping irrelevant hunk at lines 29..30
[SYNCDOC DEBUG] Skipping irrelevant hunk at lines 38..39
[SYNCDOC DEBUG] Skipping irrelevant hunk at lines 42..43
[SYNCDOC DEBUG] Skipping irrelevant hunk at lines 54..55
[SYNCDOC DEBUG] Skipping irrelevant hunk at lines 57..58
[SYNCDOC DEBUG] APPLYING relevant hunk at lines 60..62 (adds 3 lines, removes 2 lines)
[SYNCDOC DEBUG] Skipping irrelevant hunk at lines 67..68
[SYNCDOC DEBUG] Skipping irrelevant hunk at lines 69..71
[SYNCDOC DEBUG] Skipping irrelevant hunk at lines 86..90
[SYNCDOC DEBUG] 
=== BOOKEND DEBUG START ===
[SYNCDOC DEBUG] Input code length: 3246
[SYNCDOC DEBUG] 
Line 0: "//! Syntax highlighting for displaying source code with visual distinction between language elements."
[SYNCDOC DEBUG]     Checking needs_bookending:
[SYNCDOC DEBUG]       trimmed: "//! Syntax highlighting for displaying source code with visual distinction between language elements."
[SYNCDOC DEBUG]       no_spaces: "//!Syntaxhighlightingfordisplayingsourcecodewithvisualdistinctionbetweenlanguageelements."
[SYNCDOC DEBUG]       -> Does NOT start with #!
[SYNCDOC DEBUG]   -> No bookending needed
[SYNCDOC DEBUG] 
Line 1: "use ratatui::{"
[SYNCDOC DEBUG]     Checking needs_bookending:
[SYNCDOC DEBUG]       trimmed: "use ratatui::{"
[SYNCDOC DEBUG]       no_spaces: "useratatui::{"
[SYNCDOC DEBUG]       -> Does NOT start with #!
[SYNCDOC DEBUG]   -> No bookending needed
[SYNCDOC DEBUG] 
Line 2: "    style::{Color, Style},"
[SYNCDOC DEBUG]     Checking needs_bookending:
[SYNCDOC DEBUG]       trimmed: "style::{Color, Style},"
[SYNCDOC DEBUG]       no_spaces: "style::{Color,Style},"
[SYNCDOC DEBUG]       -> Does NOT start with #!
[SYNCDOC DEBUG]   -> No bookending needed
[SYNCDOC DEBUG] 
Line 3: "    text::{Line, Span},"
[SYNCDOC DEBUG]     Checking needs_bookending:
[SYNCDOC DEBUG]       trimmed: "text::{Line, Span},"
[SYNCDOC DEBUG]       no_spaces: "text::{Line,Span},"
[SYNCDOC DEBUG]       -> Does NOT start with #!
[SYNCDOC DEBUG]   -> No bookending needed
[SYNCDOC DEBUG] 
Line 4: "};"
[SYNCDOC DEBUG]     Checking needs_bookending:
[SYNCDOC DEBUG]       trimmed: "};"
[SYNCDOC DEBUG]       no_spaces: "};"
[SYNCDOC DEBUG]       -> Does NOT start with #!
[SYNCDOC DEBUG]   -> No bookending needed
[SYNCDOC DEBUG] 
Line 5: "use syntect::easy::HighlightLines;"
[SYNCDOC DEBUG]     Checking needs_bookending:
[SYNCDOC DEBUG]       trimmed: "use syntect::easy::HighlightLines;"
[SYNCDOC DEBUG]       no_spaces: "usesyntect::easy::HighlightLines;"
[SYNCDOC DEBUG]       -> Does NOT start with #!
[SYNCDOC DEBUG]   -> No bookending needed
[SYNCDOC DEBUG] 
Line 6: "use syntect::highlighting::ThemeSet;"
[SYNCDOC DEBUG]     Checking needs_bookending:
[SYNCDOC DEBUG]       trimmed: "use syntect::highlighting::ThemeSet;"
[SYNCDOC DEBUG]       no_spaces: "usesyntect::highlighting::ThemeSet;"
[SYNCDOC DEBUG]       -> Does NOT start with #!
[SYNCDOC DEBUG]   -> No bookending needed
[SYNCDOC DEBUG] 
Line 7: "use syntect::parsing::SyntaxSet;"
[SYNCDOC DEBUG]     Checking needs_bookending:
[SYNCDOC DEBUG]       trimmed: "use syntect::parsing::SyntaxSet;"
[SYNCDOC DEBUG]       no_spaces: "usesyntect::parsing::SyntaxSet;"
[SYNCDOC DEBUG]       -> Does NOT start with #!
[SYNCDOC DEBUG]   -> No bookending needed
[SYNCDOC DEBUG] 
Line 8: ""
[SYNCDOC DEBUG]     Checking needs_bookending:
[SYNCDOC DEBUG]       trimmed: ""
[SYNCDOC DEBUG]       no_spaces: ""
[SYNCDOC DEBUG]       -> Does NOT start with #!
[SYNCDOC DEBUG]   -> No bookending needed
[SYNCDOC DEBUG] 
Line 9: "#[syncdoc::omnidoc]"
[SYNCDOC DEBUG]     Checking needs_bookending:
[SYNCDOC DEBUG]       trimmed: "#[syncdoc::omnidoc]"
[SYNCDOC DEBUG]       no_spaces: "#[syncdoc::omnidoc]"
[SYNCDOC DEBUG]       -> Does NOT start with #!
[SYNCDOC DEBUG]   -> No bookending needed
[SYNCDOC DEBUG] 
Line 10: "static SYNTAX_SET: std::sync::LazyLock<SyntaxSet> ="
[SYNCDOC DEBUG]     Checking needs_bookending:
[SYNCDOC DEBUG]       trimmed: "static SYNTAX_SET: std::sync::LazyLock<SyntaxSet> ="
[SYNCDOC DEBUG]       no_spaces: "staticSYNTAX_SET:std::sync::LazyLock<SyntaxSet>="
[SYNCDOC DEBUG]       -> Does NOT start with #!
[SYNCDOC DEBUG]   -> No bookending needed
[SYNCDOC DEBUG] 
Line 11: "    std::sync::LazyLock::new(SyntaxSet::load_defaults_newlines);"
[SYNCDOC DEBUG]     Checking needs_bookending:
[SYNCDOC DEBUG]       trimmed: "std::sync::LazyLock::new(SyntaxSet::load_defaults_newlines);"
[SYNCDOC DEBUG]       no_spaces: "std::sync::LazyLock::new(SyntaxSet::load_defaults_newlines);"
[SYNCDOC DEBUG]       -> Does NOT start with #!
[SYNCDOC DEBUG]   -> No bookending needed
[SYNCDOC DEBUG] 
Line 12: "#[syncdoc::omnidoc]"
[SYNCDOC DEBUG]     Checking needs_bookending:
[SYNCDOC DEBUG]       trimmed: "#[syncdoc::omnidoc]"
[SYNCDOC DEBUG]       no_spaces: "#[syncdoc::omnidoc]"
[SYNCDOC DEBUG]       -> Does NOT start with #!
[SYNCDOC DEBUG]   -> No bookending needed
[SYNCDOC DEBUG] 
Line 13: "static THEME_SET: std::sync::LazyLock<ThemeSet> = std::sync::LazyLock::new(ThemeSet::load_defaults);"
[SYNCDOC DEBUG]     Checking needs_bookending:
[SYNCDOC DEBUG]       trimmed: "static THEME_SET: std::sync::LazyLock<ThemeSet> = std::sync::LazyLock::new(ThemeSet::load_defaults);"
[SYNCDOC DEBUG]       no_spaces: "staticTHEME_SET:std::sync::LazyLock<ThemeSet>=std::sync::LazyLock::new(ThemeSet::load_defaults);"
[SYNCDOC DEBUG]       -> Does NOT start with #!
[SYNCDOC DEBUG]   -> No bookending needed
[SYNCDOC DEBUG] 
Line 14: ""
[SYNCDOC DEBUG]     Checking needs_bookending:
[SYNCDOC DEBUG]       trimmed: ""
[SYNCDOC DEBUG]       no_spaces: ""
[SYNCDOC DEBUG]       -> Does NOT start with #!
[SYNCDOC DEBUG]   -> No bookending needed
[SYNCDOC DEBUG] 
Line 15: "/// Highlight source lines with syntax coloring."
[SYNCDOC DEBUG]     Checking needs_bookending:
[SYNCDOC DEBUG]       trimmed: "/// Highlight source lines with syntax coloring."
[SYNCDOC DEBUG]       no_spaces: "///Highlightsourcelineswithsyntaxcoloring."
[SYNCDOC DEBUG]       -> Does NOT start with #!
[SYNCDOC DEBUG]   -> No bookending needed
[SYNCDOC DEBUG] 
Line 16: "///"
[SYNCDOC DEBUG]     Checking needs_bookending:
[SYNCDOC DEBUG]       trimmed: "///"
[SYNCDOC DEBUG]       no_spaces: "///"
[SYNCDOC DEBUG]       -> Does NOT start with #!
[SYNCDOC DEBUG]   -> No bookending needed
[SYNCDOC DEBUG] 
Line 17: "/// # Panics"
[SYNCDOC DEBUG]     Checking needs_bookending:
[SYNCDOC DEBUG]       trimmed: "/// # Panics"
[SYNCDOC DEBUG]       no_spaces: "///#Panics"
[SYNCDOC DEBUG]       -> Does NOT start with #!
[SYNCDOC DEBUG]   -> No bookending needed
[SYNCDOC DEBUG] 
Line 18: "///"
[SYNCDOC DEBUG]     Checking needs_bookending:
[SYNCDOC DEBUG]       trimmed: "///"
[SYNCDOC DEBUG]       no_spaces: "///"
[SYNCDOC DEBUG]       -> Does NOT start with #!
[SYNCDOC DEBUG]   -> No bookending needed
[SYNCDOC DEBUG] 
Line 19: "/// Panics if syntax highlighting fails for any line in the input."
[SYNCDOC DEBUG]     Checking needs_bookending:
[SYNCDOC DEBUG]       trimmed: "/// Panics if syntax highlighting fails for any line in the input."
[SYNCDOC DEBUG]       no_spaces: "///Panicsifsyntaxhighlightingfailsforanylineintheinput."
[SYNCDOC DEBUG]       -> Does NOT start with #!
[SYNCDOC DEBUG]   -> No bookending needed
[SYNCDOC DEBUG] 
Line 20: "pub fn highlight_source_lines("
[SYNCDOC DEBUG]     Checking needs_bookending:
[SYNCDOC DEBUG]       trimmed: "pub fn highlight_source_lines("
[SYNCDOC DEBUG]       no_spaces: "pubfnhighlight_source_lines("
[SYNCDOC DEBUG]       -> Does NOT start with #!
[SYNCDOC DEBUG]   -> No bookending needed
[SYNCDOC DEBUG] 
Line 21: "    lines: &[&str],"
[SYNCDOC DEBUG]     Checking needs_bookending:
[SYNCDOC DEBUG]       trimmed: "lines: &[&str],"
[SYNCDOC DEBUG]       no_spaces: "lines:&[&str],"
[SYNCDOC DEBUG]       -> Does NOT start with #!
[SYNCDOC DEBUG]   -> No bookending needed
[SYNCDOC DEBUG] 
Line 22: "    start: usize,"
[SYNCDOC DEBUG]     Checking needs_bookending:
[SYNCDOC DEBUG]       trimmed: "start: usize,"
[SYNCDOC DEBUG]       no_spaces: "start:usize,"
[SYNCDOC DEBUG]       -> Does NOT start with #!
[SYNCDOC DEBUG]   -> No bookending needed
[SYNCDOC DEBUG] 
Line 23: "    end: usize,"
[SYNCDOC DEBUG]     Checking needs_bookending:
[SYNCDOC DEBUG]       trimmed: "end: usize,"
[SYNCDOC DEBUG]       no_spaces: "end:usize,"
[SYNCDOC DEBUG]       -> Does NOT start with #!
[SYNCDOC DEBUG]   -> No bookending needed
[SYNCDOC DEBUG] 
Line 24: "    target_line: usize,"
[SYNCDOC DEBUG]     Checking needs_bookending:
[SYNCDOC DEBUG]       trimmed: "target_line: usize,"
[SYNCDOC DEBUG]       no_spaces: "target_line:usize,"
[SYNCDOC DEBUG]       -> Does NOT start with #!
[SYNCDOC DEBUG]   -> No bookending needed
[SYNCDOC DEBUG] 
Line 25: ") -> Vec<Line<'static>> {"
[SYNCDOC DEBUG]     Checking needs_bookending:
[SYNCDOC DEBUG]       trimmed: ") -> Vec<Line<'static>> {"
[SYNCDOC DEBUG]       no_spaces: ")->Vec<Line<'static>>{"
[SYNCDOC DEBUG]       -> Does NOT start with #!
[SYNCDOC DEBUG]   -> No bookending needed
[SYNCDOC DEBUG] 
Line 26: "    let theme = &THEME_SET.themes[\"base16-eighties.dark\"];"
[SYNCDOC DEBUG]     Checking needs_bookending:
[SYNCDOC DEBUG]       trimmed: "let theme = &THEME_SET.themes[\"base16-eighties.dark\"];"
[SYNCDOC DEBUG]       no_spaces: "lettheme=&THEME_SET.themes[\"base16-eighties.dark\"];"
[SYNCDOC DEBUG]       -> Does NOT start with #!
[SYNCDOC DEBUG]   -> No bookending needed
[SYNCDOC DEBUG] 
Line 27: "    let syntax_ref = SYNTAX_SET"
[SYNCDOC DEBUG]     Checking needs_bookending:
[SYNCDOC DEBUG]       trimmed: "let syntax_ref = SYNTAX_SET"
[SYNCDOC DEBUG]       no_spaces: "letsyntax_ref=SYNTAX_SET"
[SYNCDOC DEBUG]       -> Does NOT start with #!
[SYNCDOC DEBUG]   -> No bookending needed
[SYNCDOC DEBUG] 
Line 28: "        .find_syntax_by_extension(\"rs\")"
[SYNCDOC DEBUG]     Checking needs_bookending:
[SYNCDOC DEBUG]       trimmed: ".find_syntax_by_extension(\"rs\")"
[SYNCDOC DEBUG]       no_spaces: ".find_syntax_by_extension(\"rs\")"
[SYNCDOC DEBUG]       -> Does NOT start with #!
[SYNCDOC DEBUG]   -> No bookending needed
[SYNCDOC DEBUG] 
Line 29: "        .unwrap_or_else(|| SYNTAX_SET.find_syntax_plain_text());"
[SYNCDOC DEBUG]     Checking needs_bookending:
[SYNCDOC DEBUG]       trimmed: ".unwrap_or_else(|| SYNTAX_SET.find_syntax_plain_text());"
[SYNCDOC DEBUG]       no_spaces: ".unwrap_or_else(||SYNTAX_SET.find_syntax_plain_text());"
[SYNCDOC DEBUG]       -> Does NOT start with #!
[SYNCDOC DEBUG]   -> No bookending needed
[SYNCDOC DEBUG] 
Line 30: ""
[SYNCDOC DEBUG]     Checking needs_bookending:
[SYNCDOC DEBUG]       trimmed: ""
[SYNCDOC DEBUG]       no_spaces: ""
[SYNCDOC DEBUG]       -> Does NOT start with #!
[SYNCDOC DEBUG]   -> No bookending needed
[SYNCDOC DEBUG] 
Line 31: "    let mut highlight_lines = HighlightLines::new(syntax_ref, theme);"
[SYNCDOC DEBUG]     Checking needs_bookending:
[SYNCDOC DEBUG]       trimmed: "let mut highlight_lines = HighlightLines::new(syntax_ref, theme);"
[SYNCDOC DEBUG]       no_spaces: "letmuthighlight_lines=HighlightLines::new(syntax_ref,theme);"
[SYNCDOC DEBUG]       -> Does NOT start with #!
[SYNCDOC DEBUG]   -> No bookending needed
[SYNCDOC DEBUG] 
Line 32: "    let mut display_lines: Vec<Line<'static>> = Vec::new();"
[SYNCDOC DEBUG]     Checking needs_bookending:
[SYNCDOC DEBUG]       trimmed: "let mut display_lines: Vec<Line<'static>> = Vec::new();"
[SYNCDOC DEBUG]       no_spaces: "letmutdisplay_lines:Vec<Line<'static>>=Vec::new();"
[SYNCDOC DEBUG]       -> Does NOT start with #!
[SYNCDOC DEBUG]   -> No bookending needed
[SYNCDOC DEBUG] 
Line 33: ""
[SYNCDOC DEBUG]     Checking needs_bookending:
[SYNCDOC DEBUG]       trimmed: ""
[SYNCDOC DEBUG]       no_spaces: ""
[SYNCDOC DEBUG]       -> Does NOT start with #!
[SYNCDOC DEBUG]   -> No bookending needed
[SYNCDOC DEBUG] 
Line 34: "    for (i, line_text) in lines[start..end].iter().enumerate() {"
[SYNCDOC DEBUG]     Checking needs_bookending:
[SYNCDOC DEBUG]       trimmed: "for (i, line_text) in lines[start..end].iter().enumerate() {"
[SYNCDOC DEBUG]       no_spaces: "for(i,line_text)inlines[start..end].iter().enumerate(){"
[SYNCDOC DEBUG]       -> Does NOT start with #!
[SYNCDOC DEBUG]   -> No bookending needed
[SYNCDOC DEBUG] 
Line 35: "        let line_num = start + i + 1;"
[SYNCDOC DEBUG]     Checking needs_bookending:
[SYNCDOC DEBUG]       trimmed: "let line_num = start + i + 1;"
[SYNCDOC DEBUG]       no_spaces: "letline_num=start+i+1;"
[SYNCDOC DEBUG]       -> Does NOT start with #!
[SYNCDOC DEBUG]   -> No bookending needed
[SYNCDOC DEBUG] 
Line 36: "        let marker = if line_num == target_line + 1 {"
[SYNCDOC DEBUG]     Checking needs_bookending:
[SYNCDOC DEBUG]       trimmed: "let marker = if line_num == target_line + 1 {"
[SYNCDOC DEBUG]       no_spaces: "letmarker=ifline_num==target_line+1{"
[SYNCDOC DEBUG]       -> Does NOT start with #!
[SYNCDOC DEBUG]   -> No bookending needed
[SYNCDOC DEBUG] 
Line 37: "            \"→\""
[SYNCDOC DEBUG]     Checking needs_bookending:
[SYNCDOC DEBUG]       trimmed: "\"→\""
[SYNCDOC DEBUG]       no_spaces: "\"→\""
[SYNCDOC DEBUG]       -> Does NOT start with #!
[SYNCDOC DEBUG]   -> No bookending needed
[SYNCDOC DEBUG] 
Line 38: "        } else {"
[SYNCDOC DEBUG]     Checking needs_bookending:
[SYNCDOC DEBUG]       trimmed: "} else {"
[SYNCDOC DEBUG]       no_spaces: "}else{"
[SYNCDOC DEBUG]       -> Does NOT start with #!
[SYNCDOC DEBUG]   -> No bookending needed
[SYNCDOC DEBUG] 
Line 39: "            \" \""
[SYNCDOC DEBUG]     Checking needs_bookending:
[SYNCDOC DEBUG]       trimmed: "\" \""
[SYNCDOC DEBUG]       no_spaces: "\"\""
[SYNCDOC DEBUG]       -> Does NOT start with #!
[SYNCDOC DEBUG]   -> No bookending needed
[SYNCDOC DEBUG] 
Line 40: "        };"
[SYNCDOC DEBUG]     Checking needs_bookending:
[SYNCDOC DEBUG]       trimmed: "};"
[SYNCDOC DEBUG]       no_spaces: "};"
[SYNCDOC DEBUG]       -> Does NOT start with #!
[SYNCDOC DEBUG]   -> No bookending needed
[SYNCDOC DEBUG] 
Line 41: "        let line_num_text = format!(\"{marker} {line_num:4} | \");"
[SYNCDOC DEBUG]     Checking needs_bookending:
[SYNCDOC DEBUG]       trimmed: "let line_num_text = format!(\"{marker} {line_num:4} | \");"
[SYNCDOC DEBUG]       no_spaces: "letline_num_text=format!(\"{marker}{line_num:4}|\");"
[SYNCDOC DEBUG]       -> Does NOT start with #!
[SYNCDOC DEBUG]   -> No bookending needed
[SYNCDOC DEBUG] 
Line 42: ""
[SYNCDOC DEBUG]     Checking needs_bookending:
[SYNCDOC DEBUG]       trimmed: ""
[SYNCDOC DEBUG]       no_spaces: ""
[SYNCDOC DEBUG]       -> Does NOT start with #!
[SYNCDOC DEBUG]   -> No bookending needed
[SYNCDOC DEBUG] 
Line 43: "        let highlighted = highlight_lines"
[SYNCDOC DEBUG]     Checking needs_bookending:
[SYNCDOC DEBUG]       trimmed: "let highlighted = highlight_lines"
[SYNCDOC DEBUG]       no_spaces: "lethighlighted=highlight_lines"
[SYNCDOC DEBUG]       -> Does NOT start with #!
[SYNCDOC DEBUG]   -> No bookending needed
[SYNCDOC DEBUG] 
Line 44: "            .highlight_line(line_text, &SYNTAX_SET)"
[SYNCDOC DEBUG]     Checking needs_bookending:
[SYNCDOC DEBUG]       trimmed: ".highlight_line(line_text, &SYNTAX_SET)"
[SYNCDOC DEBUG]       no_spaces: ".highlight_line(line_text,&SYNTAX_SET)"
[SYNCDOC DEBUG]       -> Does NOT start with #!
[SYNCDOC DEBUG]   -> No bookending needed
[SYNCDOC DEBUG] 
Line 45: "            .unwrap();"
[SYNCDOC DEBUG]     Checking needs_bookending:
[SYNCDOC DEBUG]       trimmed: ".unwrap();"
[SYNCDOC DEBUG]       no_spaces: ".unwrap();"
[SYNCDOC DEBUG]       -> Does NOT start with #!
[SYNCDOC DEBUG]   -> No bookending needed
[SYNCDOC DEBUG] 
Line 46: ""
[SYNCDOC DEBUG]     Checking needs_bookending:
[SYNCDOC DEBUG]       trimmed: ""
[SYNCDOC DEBUG]       no_spaces: ""
[SYNCDOC DEBUG]       -> Does NOT start with #!
[SYNCDOC DEBUG]   -> No bookending needed
[SYNCDOC DEBUG] 
Line 47: "        let mut spans = vec![Span::raw(line_num_text)];"
[SYNCDOC DEBUG]     Checking needs_bookending:
[SYNCDOC DEBUG]       trimmed: "let mut spans = vec![Span::raw(line_num_text)];"
[SYNCDOC DEBUG]       no_spaces: "letmutspans=vec![Span::raw(line_num_text)];"
[SYNCDOC DEBUG]       -> Does NOT start with #!
[SYNCDOC DEBUG]   -> No bookending needed
[SYNCDOC DEBUG] 
Line 48: "        for (style, text) in highlighted {"
[SYNCDOC DEBUG]     Checking needs_bookending:
[SYNCDOC DEBUG]       trimmed: "for (style, text) in highlighted {"
[SYNCDOC DEBUG]       no_spaces: "for(style,text)inhighlighted{"
[SYNCDOC DEBUG]       -> Does NOT start with #!
[SYNCDOC DEBUG]   -> No bookending needed
[SYNCDOC DEBUG] 
Line 49: "            spans.push(Span::styled("
[SYNCDOC DEBUG]     Checking needs_bookending:
[SYNCDOC DEBUG]       trimmed: "spans.push(Span::styled("
[SYNCDOC DEBUG]       no_spaces: "spans.push(Span::styled("
[SYNCDOC DEBUG]       -> Does NOT start with #!
[SYNCDOC DEBUG]   -> No bookending needed
[SYNCDOC DEBUG] 
Line 50: "                text.to_string(),"
[SYNCDOC DEBUG]     Checking needs_bookending:
[SYNCDOC DEBUG]       trimmed: "text.to_string(),"
[SYNCDOC DEBUG]       no_spaces: "text.to_string(),"
[SYNCDOC DEBUG]       -> Does NOT start with #!
[SYNCDOC DEBUG]   -> No bookending needed
[SYNCDOC DEBUG] 
Line 51: "                Style::default().fg(Color::Rgb("
[SYNCDOC DEBUG]     Checking needs_bookending:
[SYNCDOC DEBUG]       trimmed: "Style::default().fg(Color::Rgb("
[SYNCDOC DEBUG]       no_spaces: "Style::default().fg(Color::Rgb("
[SYNCDOC DEBUG]       -> Does NOT start with #!
[SYNCDOC DEBUG]   -> No bookending needed
[SYNCDOC DEBUG] 
Line 52: "                    style.foreground.r,"
[SYNCDOC DEBUG]     Checking needs_bookending:
[SYNCDOC DEBUG]       trimmed: "style.foreground.r,"
[SYNCDOC DEBUG]       no_spaces: "style.foreground.r,"
[SYNCDOC DEBUG]       -> Does NOT start with #!
[SYNCDOC DEBUG]   -> No bookending needed
[SYNCDOC DEBUG] 
Line 53: "                    style.foreground.g,"
[SYNCDOC DEBUG]     Checking needs_bookending:
[SYNCDOC DEBUG]       trimmed: "style.foreground.g,"
[SYNCDOC DEBUG]       no_spaces: "style.foreground.g,"
[SYNCDOC DEBUG]       -> Does NOT start with #!
[SYNCDOC DEBUG]   -> No bookending needed
[SYNCDOC DEBUG] 
Line 54: "                    style.foreground.b,"
[SYNCDOC DEBUG]     Checking needs_bookending:
[SYNCDOC DEBUG]       trimmed: "style.foreground.b,"
[SYNCDOC DEBUG]       no_spaces: "style.foreground.b,"
[SYNCDOC DEBUG]       -> Does NOT start with #!
[SYNCDOC DEBUG]   -> No bookending needed
[SYNCDOC DEBUG] 
Line 55: "                )),"
[SYNCDOC DEBUG]     Checking needs_bookending:
[SYNCDOC DEBUG]       trimmed: ")),"
[SYNCDOC DEBUG]       no_spaces: ")),"
[SYNCDOC DEBUG]       -> Does NOT start with #!
[SYNCDOC DEBUG]   -> No bookending needed
[SYNCDOC DEBUG] 
Line 56: "            ));"
[SYNCDOC DEBUG]     Checking needs_bookending:
[SYNCDOC DEBUG]       trimmed: "));"
[SYNCDOC DEBUG]       no_spaces: "));"
[SYNCDOC DEBUG]       -> Does NOT start with #!
[SYNCDOC DEBUG]   -> No bookending needed
[SYNCDOC DEBUG] 
Line 57: "        }"
[SYNCDOC DEBUG]     Checking needs_bookending:
[SYNCDOC DEBUG]       trimmed: "}"
[SYNCDOC DEBUG]       no_spaces: "}"
[SYNCDOC DEBUG]       -> Does NOT start with #!
[SYNCDOC DEBUG]   -> No bookending needed
[SYNCDOC DEBUG] 
Line 58: ""
[SYNCDOC DEBUG]     Checking needs_bookending:
[SYNCDOC DEBUG]       trimmed: ""
[SYNCDOC DEBUG]       no_spaces: ""
[SYNCDOC DEBUG]       -> Does NOT start with #!
[SYNCDOC DEBUG]   -> No bookending needed
[SYNCDOC DEBUG] 
Line 59: "        display_lines.push(Line::from(spans));"
[SYNCDOC DEBUG]     Checking needs_bookending:
[SYNCDOC DEBUG]       trimmed: "display_lines.push(Line::from(spans));"
[SYNCDOC DEBUG]       no_spaces: "display_lines.push(Line::from(spans));"
[SYNCDOC DEBUG]       -> Does NOT start with #!
[SYNCDOC DEBUG]   -> No bookending needed
[SYNCDOC DEBUG] 
Line 60: "    }"
[SYNCDOC DEBUG]     Checking needs_bookending:
[SYNCDOC DEBUG]       trimmed: "}"
[SYNCDOC DEBUG]       no_spaces: "}"
[SYNCDOC DEBUG]       -> Does NOT start with #!
[SYNCDOC DEBUG]   -> No bookending needed
[SYNCDOC DEBUG] 
Line 61: ""
[SYNCDOC DEBUG]     Checking needs_bookending:
[SYNCDOC DEBUG]       trimmed: ""
[SYNCDOC DEBUG]       no_spaces: ""
[SYNCDOC DEBUG]       -> Does NOT start with #!
[SYNCDOC DEBUG]   -> No bookending needed
[SYNCDOC DEBUG] 
Line 62: "    display_lines"
[SYNCDOC DEBUG]     Checking needs_bookending:
[SYNCDOC DEBUG]       trimmed: "display_lines"
[SYNCDOC DEBUG]       no_spaces: "display_lines"
[SYNCDOC DEBUG]       -> Does NOT start with #!
[SYNCDOC DEBUG]   -> No bookending needed
[SYNCDOC DEBUG] 
Line 63: "}"
[SYNCDOC DEBUG]     Checking needs_bookending:
[SYNCDOC DEBUG]       trimmed: "}"
[SYNCDOC DEBUG]       no_spaces: "}"
[SYNCDOC DEBUG]       -> Does NOT start with #!
[SYNCDOC DEBUG]   -> No bookending needed
[SYNCDOC DEBUG] 
Line 64: ""
[SYNCDOC DEBUG]     Checking needs_bookending:
[SYNCDOC DEBUG]       trimmed: ""
[SYNCDOC DEBUG]       no_spaces: ""
[SYNCDOC DEBUG]       -> Does NOT start with #!
[SYNCDOC DEBUG]   -> No bookending needed
[SYNCDOC DEBUG] 
Line 65: "/// Highlight a single line with syntax coloring for a given file extension."
[SYNCDOC DEBUG]     Checking needs_bookending:
[SYNCDOC DEBUG]       trimmed: "/// Highlight a single line with syntax coloring for a given file extension."
[SYNCDOC DEBUG]       no_spaces: "///Highlightasinglelinewithsyntaxcoloringforagivenfileextension."
[SYNCDOC DEBUG]       -> Does NOT start with #!
[SYNCDOC DEBUG]   -> No bookending needed
[SYNCDOC DEBUG] 
Line 66: "///"
[SYNCDOC DEBUG]     Checking needs_bookending:
[SYNCDOC DEBUG]       trimmed: "///"
[SYNCDOC DEBUG]       no_spaces: "///"
[SYNCDOC DEBUG]       -> Does NOT start with #!
[SYNCDOC DEBUG]   -> No bookending needed
[SYNCDOC DEBUG] 
Line 67: "/// Falls back to plain text rendering if syntax highlighting fails."
[SYNCDOC DEBUG]     Checking needs_bookending:
[SYNCDOC DEBUG]       trimmed: "/// Falls back to plain text rendering if syntax highlighting fails."
[SYNCDOC DEBUG]       no_spaces: "///Fallsbacktoplaintextrenderingifsyntaxhighlightingfails."
[SYNCDOC DEBUG]       -> Does NOT start with #!
[SYNCDOC DEBUG]   -> No bookending needed
[SYNCDOC DEBUG] 
Line 68: "pub fn highlight_line_with_extension(line: &str, extension: &str) -> Line<'static> {"
[SYNCDOC DEBUG]     Checking needs_bookending:
[SYNCDOC DEBUG]       trimmed: "pub fn highlight_line_with_extension(line: &str, extension: &str) -> Line<'static> {"
[SYNCDOC DEBUG]       no_spaces: "pubfnhighlight_line_with_extension(line:&str,extension:&str)->Line<'static>{"
[SYNCDOC DEBUG]       -> Does NOT start with #!
[SYNCDOC DEBUG]   -> No bookending needed
[SYNCDOC DEBUG] 
Line 69: "    let theme = &THEME_SET.themes[\"base16-eighties.dark\"];"
[SYNCDOC DEBUG]     Checking needs_bookending:
[SYNCDOC DEBUG]       trimmed: "let theme = &THEME_SET.themes[\"base16-eighties.dark\"];"
[SYNCDOC DEBUG]       no_spaces: "lettheme=&THEME_SET.themes[\"base16-eighties.dark\"];"
[SYNCDOC DEBUG]       -> Does NOT start with #!
[SYNCDOC DEBUG]   -> No bookending needed
[SYNCDOC DEBUG] 
Line 70: "    let syntax_ref = SYNTAX_SET"
[SYNCDOC DEBUG]     Checking needs_bookending:
[SYNCDOC DEBUG]       trimmed: "let syntax_ref = SYNTAX_SET"
[SYNCDOC DEBUG]       no_spaces: "letsyntax_ref=SYNTAX_SET"
[SYNCDOC DEBUG]       -> Does NOT start with #!
[SYNCDOC DEBUG]   -> No bookending needed
[SYNCDOC DEBUG] 
Line 71: "        .find_syntax_by_extension(extension)"
[SYNCDOC DEBUG]     Checking needs_bookending:
[SYNCDOC DEBUG]       trimmed: ".find_syntax_by_extension(extension)"
[SYNCDOC DEBUG]       no_spaces: ".find_syntax_by_extension(extension)"
[SYNCDOC DEBUG]       -> Does NOT start with #!
[SYNCDOC DEBUG]   -> No bookending needed
[SYNCDOC DEBUG] 
Line 72: "        .unwrap_or_else(|| SYNTAX_SET.find_syntax_plain_text());"
[SYNCDOC DEBUG]     Checking needs_bookending:
[SYNCDOC DEBUG]       trimmed: ".unwrap_or_else(|| SYNTAX_SET.find_syntax_plain_text());"
[SYNCDOC DEBUG]       no_spaces: ".unwrap_or_else(||SYNTAX_SET.find_syntax_plain_text());"
[SYNCDOC DEBUG]       -> Does NOT start with #!
[SYNCDOC DEBUG]   -> No bookending needed
[SYNCDOC DEBUG] 
Line 73: ""
[SYNCDOC DEBUG]     Checking needs_bookending:
[SYNCDOC DEBUG]       trimmed: ""
[SYNCDOC DEBUG]       no_spaces: ""
[SYNCDOC DEBUG]       -> Does NOT start with #!
[SYNCDOC DEBUG]   -> No bookending needed
[SYNCDOC DEBUG] 
Line 74: "    let mut highlight_lines = HighlightLines::new(syntax_ref, theme);"
[SYNCDOC DEBUG]     Checking needs_bookending:
[SYNCDOC DEBUG]       trimmed: "let mut highlight_lines = HighlightLines::new(syntax_ref, theme);"
[SYNCDOC DEBUG]       no_spaces: "letmuthighlight_lines=HighlightLines::new(syntax_ref,theme);"
[SYNCDOC DEBUG]       -> Does NOT start with #!
[SYNCDOC DEBUG]   -> No bookending needed
[SYNCDOC DEBUG] 
Line 75: ""
[SYNCDOC DEBUG]     Checking needs_bookending:
[SYNCDOC DEBUG]       trimmed: ""
[SYNCDOC DEBUG]       no_spaces: ""
[SYNCDOC DEBUG]       -> Does NOT start with #!
[SYNCDOC DEBUG]   -> No bookending needed
[SYNCDOC DEBUG] 
Line 76: "    // Try to highlight, fall back to plain text if it fails"
[SYNCDOC DEBUG]     Checking needs_bookending:
[SYNCDOC DEBUG]       trimmed: "// Try to highlight, fall back to plain text if it fails"
[SYNCDOC DEBUG]       no_spaces: "//Trytohighlight,fallbacktoplaintextifitfails"
[SYNCDOC DEBUG]       -> Does NOT start with #!
[SYNCDOC DEBUG]   -> No bookending needed
[SYNCDOC DEBUG] 
Line 77: "    match highlight_lines.highlight_line(line, &SYNTAX_SET) {"
[SYNCDOC DEBUG]     Checking needs_bookending:
[SYNCDOC DEBUG]       trimmed: "match highlight_lines.highlight_line(line, &SYNTAX_SET) {"
[SYNCDOC DEBUG]       no_spaces: "matchhighlight_lines.highlight_line(line,&SYNTAX_SET){"
[SYNCDOC DEBUG]       -> Does NOT start with #!
[SYNCDOC DEBUG]   -> No bookending needed
[SYNCDOC DEBUG] 
Line 78: "        Ok(highlighted) => {"
[SYNCDOC DEBUG]     Checking needs_bookending:
[SYNCDOC DEBUG]       trimmed: "Ok(highlighted) => {"
[SYNCDOC DEBUG]       no_spaces: "Ok(highlighted)=>{"
[SYNCDOC DEBUG]       -> Does NOT start with #!
[SYNCDOC DEBUG]   -> No bookending needed
[SYNCDOC DEBUG] 
Line 79: "            let mut spans = Vec::new();"
[SYNCDOC DEBUG]     Checking needs_bookending:
[SYNCDOC DEBUG]       trimmed: "let mut spans = Vec::new();"
[SYNCDOC DEBUG]       no_spaces: "letmutspans=Vec::new();"
[SYNCDOC DEBUG]       -> Does NOT start with #!
[SYNCDOC DEBUG]   -> No bookending needed
[SYNCDOC DEBUG] 
Line 80: "            for (style, text) in highlighted {"
[SYNCDOC DEBUG]     Checking needs_bookending:
[SYNCDOC DEBUG]       trimmed: "for (style, text) in highlighted {"
[SYNCDOC DEBUG]       no_spaces: "for(style,text)inhighlighted{"
[SYNCDOC DEBUG]       -> Does NOT start with #!
[SYNCDOC DEBUG]   -> No bookending needed
[SYNCDOC DEBUG] 
Line 81: "                spans.push(Span::styled("
[SYNCDOC DEBUG]     Checking needs_bookending:
[SYNCDOC DEBUG]       trimmed: "spans.push(Span::styled("
[SYNCDOC DEBUG]       no_spaces: "spans.push(Span::styled("
[SYNCDOC DEBUG]       -> Does NOT start with #!
[SYNCDOC DEBUG]   -> No bookending needed
[SYNCDOC DEBUG] 
Line 82: "                    text.to_string(),"
[SYNCDOC DEBUG]     Checking needs_bookending:
[SYNCDOC DEBUG]       trimmed: "text.to_string(),"
[SYNCDOC DEBUG]       no_spaces: "text.to_string(),"
[SYNCDOC DEBUG]       -> Does NOT start with #!
[SYNCDOC DEBUG]   -> No bookending needed
[SYNCDOC DEBUG] 
Line 83: "                    Style::default().fg(Color::Rgb("
[SYNCDOC DEBUG]     Checking needs_bookending:
[SYNCDOC DEBUG]       trimmed: "Style::default().fg(Color::Rgb("
[SYNCDOC DEBUG]       no_spaces: "Style::default().fg(Color::Rgb("
[SYNCDOC DEBUG]       -> Does NOT start with #!
[SYNCDOC DEBUG]   -> No bookending needed
[SYNCDOC DEBUG] 
Line 84: "                        style.foreground.r,"
[SYNCDOC DEBUG]     Checking needs_bookending:
[SYNCDOC DEBUG]       trimmed: "style.foreground.r,"
[SYNCDOC DEBUG]       no_spaces: "style.foreground.r,"
[SYNCDOC DEBUG]       -> Does NOT start with #!
[SYNCDOC DEBUG]   -> No bookending needed
[SYNCDOC DEBUG] 
Line 85: "                        style.foreground.g,"
[SYNCDOC DEBUG]     Checking needs_bookending:
[SYNCDOC DEBUG]       trimmed: "style.foreground.g,"
[SYNCDOC DEBUG]       no_spaces: "style.foreground.g,"
[SYNCDOC DEBUG]       -> Does NOT start with #!
[SYNCDOC DEBUG]   -> No bookending needed
[SYNCDOC DEBUG] 
Line 86: "                        style.foreground.b,"
[SYNCDOC DEBUG]     Checking needs_bookending:
[SYNCDOC DEBUG]       trimmed: "style.foreground.b,"
[SYNCDOC DEBUG]       no_spaces: "style.foreground.b,"
[SYNCDOC DEBUG]       -> Does NOT start with #!
[SYNCDOC DEBUG]   -> No bookending needed
[SYNCDOC DEBUG] 
Line 87: "                    )),"
[SYNCDOC DEBUG]     Checking needs_bookending:
[SYNCDOC DEBUG]       trimmed: ")),"
[SYNCDOC DEBUG]       no_spaces: ")),"
[SYNCDOC DEBUG]       -> Does NOT start with #!
[SYNCDOC DEBUG]   -> No bookending needed
[SYNCDOC DEBUG] 
Line 88: "                ));"
[SYNCDOC DEBUG]     Checking needs_bookending:
[SYNCDOC DEBUG]       trimmed: "));"
[SYNCDOC DEBUG]       no_spaces: "));"
[SYNCDOC DEBUG]       -> Does NOT start with #!
[SYNCDOC DEBUG]   -> No bookending needed
[SYNCDOC DEBUG] 
Line 89: "            }"
[SYNCDOC DEBUG]     Checking needs_bookending:
[SYNCDOC DEBUG]       trimmed: "}"
[SYNCDOC DEBUG]       no_spaces: "}"
[SYNCDOC DEBUG]       -> Does NOT start with #!
[SYNCDOC DEBUG]   -> No bookending needed
[SYNCDOC DEBUG] 
Line 90: "            Line::from(spans)"
[SYNCDOC DEBUG]     Checking needs_bookending:
[SYNCDOC DEBUG]       trimmed: "Line::from(spans)"
[SYNCDOC DEBUG]       no_spaces: "Line::from(spans)"
[SYNCDOC DEBUG]       -> Does NOT start with #!
[SYNCDOC DEBUG]   -> No bookending needed
[SYNCDOC DEBUG] 
Line 91: "        }"
[SYNCDOC DEBUG]     Checking needs_bookending:
[SYNCDOC DEBUG]       trimmed: "}"
[SYNCDOC DEBUG]       no_spaces: "}"
[SYNCDOC DEBUG]       -> Does NOT start with #!
[SYNCDOC DEBUG]   -> No bookending needed
[SYNCDOC DEBUG] 
Line 92: "        Err(_) => {"
[SYNCDOC DEBUG]     Checking needs_bookending:
[SYNCDOC DEBUG]       trimmed: "Err(_) => {"
[SYNCDOC DEBUG]       no_spaces: "Err(_)=>{"
[SYNCDOC DEBUG]       -> Does NOT start with #!
[SYNCDOC DEBUG]   -> No bookending needed
[SYNCDOC DEBUG] 
Line 93: "            // Fall back to plain text if highlighting fails"
[SYNCDOC DEBUG]     Checking needs_bookending:
[SYNCDOC DEBUG]       trimmed: "// Fall back to plain text if highlighting fails"
[SYNCDOC DEBUG]       no_spaces: "//Fallbacktoplaintextifhighlightingfails"
[SYNCDOC DEBUG]       -> Does NOT start with #!
[SYNCDOC DEBUG]   -> No bookending needed
[SYNCDOC DEBUG] 
Line 94: "            Line::from(line.to_string())"
[SYNCDOC DEBUG]     Checking needs_bookending:
[SYNCDOC DEBUG]       trimmed: "Line::from(line.to_string())"
[SYNCDOC DEBUG]       no_spaces: "Line::from(line.to_string())"
[SYNCDOC DEBUG]       -> Does NOT start with #!
[SYNCDOC DEBUG]   -> No bookending needed
[SYNCDOC DEBUG] 
Line 95: "        }"
[SYNCDOC DEBUG]     Checking needs_bookending:
[SYNCDOC DEBUG]       trimmed: "}"
[SYNCDOC DEBUG]       no_spaces: "}"
[SYNCDOC DEBUG]       -> Does NOT start with #!
[SYNCDOC DEBUG]   -> No bookending needed
[SYNCDOC DEBUG] 
Line 96: "    }"
[SYNCDOC DEBUG]     Checking needs_bookending:
[SYNCDOC DEBUG]       trimmed: "}"
[SYNCDOC DEBUG]       no_spaces: "}"
[SYNCDOC DEBUG]       -> Does NOT start with #!
[SYNCDOC DEBUG]   -> No bookending needed
[SYNCDOC DEBUG] 
Line 97: "}"
[SYNCDOC DEBUG]     Checking needs_bookending:
[SYNCDOC DEBUG]       trimmed: "}"
[SYNCDOC DEBUG]       no_spaces: "}"
[SYNCDOC DEBUG]       -> Does NOT start with #!
[SYNCDOC DEBUG]   -> No bookending needed
[SYNCDOC DEBUG] 
Final result length: 3246
[SYNCDOC DEBUG] === BOOKEND DEBUG END ===

[SYNCDOC DEBUG] === RESTORE REFORMAT END ===

[SYNCDOC DEBUG] 
=== RESTORE REFORMAT START ===
[SYNCDOC DEBUG] Original length: 19
[SYNCDOC DEBUG] Transformed length: 19
[SYNCDOC DEBUG] Formatted original length: 19
[SYNCDOC DEBUG] Formatted transformed length: 19
[SYNCDOC DEBUG] === HUNK DEBUG ===
[SYNCDOC DEBUG] Before lines: 1
[SYNCDOC DEBUG] After lines: 1
[SYNCDOC DEBUG] Hunks: 0
[SYNCDOC DEBUG] ==================
[SYNCDOC DEBUG] DEBUG restore: Found 0 hunks
[SYNCDOC DEBUG] === HUNK DEBUG ===
[SYNCDOC DEBUG] Before lines: 1
[SYNCDOC DEBUG] After lines: 1
[SYNCDOC DEBUG] Hunks: 0
[SYNCDOC DEBUG] ==================
[SYNCDOC DEBUG] 
=== BOOKEND DEBUG START ===
[SYNCDOC DEBUG] Input code length: 18
[SYNCDOC DEBUG] 
Line 0: "pub mod highlight;"
[SYNCDOC DEBUG]     Checking needs_bookending:
[SYNCDOC DEBUG]       trimmed: "pub mod highlight;"
[SYNCDOC DEBUG]       no_spaces: "pubmodhighlight;"
[SYNCDOC DEBUG]       -> Does NOT start with #!
[SYNCDOC DEBUG]   -> No bookending needed
[SYNCDOC DEBUG] 
Final result length: 18
[SYNCDOC DEBUG] === BOOKEND DEBUG END ===

[SYNCDOC DEBUG] === RESTORE REFORMAT END ===


=== Restore Summary ===
Processed 2 file(s)
Restored 2 file(s)
