---
source: syncdoc-core/tests/negative.rs
expression: "apply_doc_injection(input, \"../docs\")"
---
# [doc = include_str ! ("../docs/legitimate_function.md")]
fn legitimate_function() {
    let variable = "fn not_a_function";
    some_function_call();
    if condition {
        another_fn_call();
    }
    match value {
        Pattern => yet_another_fn_call(),
        _ => final_fn_call(),
    }
}
# [doc = include_str ! ("../docs/MyStruct.md")]
struct MyStruct {
    # [doc = include_str ! ("../docs/MyStruct/field.md")]
    field: String,
}
# [doc = include_str ! ("../docs/CODE_SAMPLE.md")]
const CODE_SAMPLE: &str = r#"
            fn example() {
                println!("This fn is in a string");
            }
        "#;
