---
source: syncdoc-core/tests/negative.rs
expression: "test_with_code(\"test_complex_edge_cases\", code)"
---
#![doc = include_str!("../docs/lib.md")]

use syncdoc::omnidoc;

#[omnidoc(path = "docs")]

fn some_function_call() {}
fn another_fn_call() {}
fn yet_another_fn_call() {}
fn final_fn_call() {}

enum Pattern {
    Variant,
}

fn legitimate_function() {
    // fn this_is_just_a_comment
    let variable = "fn not_a_function";
    some_function_call();

    let condition = true;
    if condition {
        another_fn_call();
    }

    let value = Pattern::Variant;
    match value {
        Pattern::Variant => yet_another_fn_call(),
    }
}

struct MyStruct {
    field: String,
}

const CODE_SAMPLE: &str = r#"
    fn example() {
        println!("This fn is in a string");
    }
"#;
