---
source: syncdoc-core/tests/patterns.rs
expression: "apply_doc_injection(input, \"../docs\")"
---
impl MyStruct {
    # [doc = include_str ! ("../docs/MyStruct/method.md")]
    fn method(&self) {
        println!("method");
    }
    # [doc = include_str ! ("../docs/MyStruct/async_method.md")]
    pub async fn async_method(&mut self) -> i32 {
        42
    }
    # [doc = include_str ! ("../docs/MyStruct/unsafe_method.md")]
    unsafe fn unsafe_method() {
        println!("unsafe");
    }
}
